<?xml version="1.0" encoding="UTF-8"?>
<testsuites name="jest tests" tests="4" failures="0" time="4.548">
  <testsuite name="reporting events" errors="0" failures="0" skipped="0" timestamp="2020-05-04T13:51:30" time="2.395" tests="4">
    <testcase classname="reporting events should validate that ga function is called when reporting event" name="reporting events should validate that ga function is called when reporting event" time="0.005">
    </testcase>
    <testcase classname="reporting events should validate that ga function is called when reporting reportHumanAction" name="reporting events should validate that ga function is called when reporting reportHumanAction" time="0.001">
    </testcase>
    <testcase classname="reporting events should validate that ga function is called when reporting reportMachineAction" name="reporting events should validate that ga function is called when reporting reportMachineAction" time="0.004">
    </testcase>
    <testcase classname="reporting exception should validate that ga function is called when reporting event" name="reporting exception should validate that ga function is called when reporting event" time="0.001">
    </testcase>
  </testsuite>
</testsuites>